time="2026-04-22T02:21:38Z" level=warning msg="/opt/hris/docker-compose.yml: the attribute `version` is obsolete, it will be ignored, please remove it to avoid potential confusion"
 Image hris-app:latest Building 
#1 [internal] load local bake definitions
#1 reading from stdin 459B done
#1 DONE 0.0s

#2 [internal] load build definition from Dockerfile
#2 transferring dockerfile: 2.50kB 0.0s done
#2 DONE 0.2s

#3 [internal] load metadata for docker.io/library/composer:2
#3 DONE 0.8s

#4 [internal] load metadata for docker.io/serversideup/php:8.2-fpm-nginx-alpine
#4 DONE 2.3s

#5 [internal] load .dockerignore
#5 transferring context: 119B done
#5 DONE 0.1s

#6 [internal] load build context
#6 DONE 0.0s

#7 [vendor-builder 1/6] FROM docker.io/library/composer:2@sha256:743aebe48ca67097c36819040633ea77e44a561eca135e4fc84c002e63a1ba07
#7 resolve docker.io/library/composer:2@sha256:743aebe48ca67097c36819040633ea77e44a561eca135e4fc84c002e63a1ba07
#7 resolve docker.io/library/composer:2@sha256:743aebe48ca67097c36819040633ea77e44a561eca135e4fc84c002e63a1ba07 0.9s done
#7 DONE 1.0s

#8 [node-builder 1/8] FROM docker.io/serversideup/php:8.2-fpm-nginx-alpine@sha256:df4b2c155574bcc5e7114abb216af9865662461c3baf741d84468ac844396d48
#8 resolve docker.io/serversideup/php:8.2-fpm-nginx-alpine@sha256:df4b2c155574bcc5e7114abb216af9865662461c3baf741d84468ac844396d48 0.9s done
#8 DONE 1.1s

#6 [internal] load build context
#6 transferring context: 71.09kB 0.3s done
#6 DONE 0.5s

#9 [vendor-builder 2/6] WORKDIR /app
#9 CACHED

#10 [vendor-builder 3/6] COPY composer.json composer.lock ./
#10 CACHED

#11 [vendor-builder 4/6] RUN composer install --no-dev --no-interaction --prefer-dist --optimize-autoloader --ignore-platform-reqs --no-scripts
#11 CACHED

#12 [vendor-builder 5/6] COPY . .
#12 DONE 25.6s

#13 [vendor-builder 6/6] RUN composer dump-autoload --optimize --no-dev --no-scripts
#13 4.277 Generating optimized autoload files
#13 7.221 Generated optimized autoload files containing 6707 classes
#13 DONE 9.4s

#14 [node-builder 2/8] RUN apk add --no-cache nodejs npm
#14 CACHED

#15 [node-builder 3/8] WORKDIR /var/www/html
#15 CACHED

#16 [node-builder 4/8] COPY --from=vendor-builder --chown=www-data:www-data /app /var/www/html
#16 ...

#17 [stage-2 2/7] RUN install-php-extensions gd gmp bcmath sockets
#17 CACHED

#18 [stage-2 3/7] WORKDIR /var/www/html
#18 CACHED

#19 [stage-2 4/7] COPY --from=vendor-builder --chown=www-data:www-data /app /var/www/html
#19 ...

#16 [node-builder 4/8] COPY --from=vendor-builder --chown=www-data:www-data /app /var/www/html
#16 DONE 62.1s

#19 [stage-2 4/7] COPY --from=vendor-builder --chown=www-data:www-data /app /var/www/html
#19 DONE 62.1s

#20 [node-builder 5/8] RUN rm -rf bootstrap/cache/*.php
#20 DONE 4.3s

#21 [node-builder 6/8] RUN cp .env.example .env && php artisan key:generate
#21 3.394 [22-Apr-2026 02:23:33 UTC] PHP Fatal error:  Uncaught RuntimeException: Composer detected issues in your platform: Your Composer dependencies require a PHP version ">= 8.4.0". You are running 8.2.30. in /var/www/html/vendor/composer/platform_check.php:26
#21 3.394 Stack trace:
#21 3.394 #0 /var/www/html/vendor/composer/autoload_real.php(25): require()
#21 3.394 #1 /var/www/html/vendor/autoload.php(22): ComposerAutoloaderInitf2fbdd84c04e9791dce5e980054fcba6::getLoader()
#21 3.394 #2 /var/www/html/artisan(10): require('...')
#21 3.394 #3 {main}
#21 3.394   thrown in /var/www/html/vendor/composer/platform_check.php on line 26
#21 ERROR: process "/bin/sh -c cp .env.example .env && php artisan key:generate" did not complete successfully: exit code: 255
------
 > [node-builder 6/8] RUN cp .env.example .env && php artisan key:generate:
3.394 [22-Apr-2026 02:23:33 UTC] PHP Fatal error:  Uncaught RuntimeException: Composer detected issues in your platform: Your Composer dependencies require a PHP version ">= 8.4.0". You are running 8.2.30. in /var/www/html/vendor/composer/platform_check.php:26
3.394 Stack trace:
3.394 #0 /var/www/html/vendor/composer/autoload_real.php(25): require()
3.394 #1 /var/www/html/vendor/autoload.php(22): ComposerAutoloaderInitf2fbdd84c04e9791dce5e980054fcba6::getLoader()
3.394 #2 /var/www/html/artisan(10): require('...')
3.394 #3 {main}
3.394   thrown in /var/www/html/vendor/composer/platform_check.php on line 26
------
Dockerfile:29

--------------------

  27 |     

  28 |     # Setup a dummy .env file so Laravel's artisan commands don't crash complaining about missing APP_KEY or DB variables when Vite boots!

  29 | >>> RUN cp .env.example .env && php artisan key:generate

  30 |     

  31 |     # Build frontend assets

--------------------

failed to solve: process "/bin/sh -c cp .env.example .env && php artisan key:generate" did not complete successfully: exit code: 255

