--progress is a global compose flag, better use `docker compose --progress xx build ...
time="2026-04-01T06:58:54Z" level=warning msg="/opt/hris/docker-compose.yml: the attribute `version` is obsolete, it will be ignored, please remove it to avoid potential confusion"
 Image hris-app:latest Building 
#1 [internal] load local bake definitions
#1 reading from stdin 459B done
#1 DONE 0.0s

#2 [internal] load build definition from Dockerfile
#2 transferring dockerfile: 2.42kB done
#2 DONE 0.1s

#3 [internal] load metadata for docker.io/library/composer:2
#3 DONE 0.5s

#4 [internal] load metadata for docker.io/serversideup/php:8.2-fpm-nginx-alpine
#4 DONE 1.7s

#5 [internal] load .dockerignore
#5 transferring context: 2B done
#5 DONE 0.1s

#6 [internal] load build context
#6 DONE 0.0s

#7 [vendor-builder 1/5] FROM docker.io/library/composer:2@sha256:743aebe48ca67097c36819040633ea77e44a561eca135e4fc84c002e63a1ba07
#7 resolve docker.io/library/composer:2@sha256:743aebe48ca67097c36819040633ea77e44a561eca135e4fc84c002e63a1ba07
#7 resolve docker.io/library/composer:2@sha256:743aebe48ca67097c36819040633ea77e44a561eca135e4fc84c002e63a1ba07 0.8s done
#7 DONE 0.9s

#8 [node-builder 1/8] FROM docker.io/serversideup/php:8.2-fpm-nginx-alpine@sha256:e81d3d72698a6acd1b60e539e0f308717740b11ea21778a2535d7a33bcedcff5
#8 resolve docker.io/serversideup/php:8.2-fpm-nginx-alpine@sha256:e81d3d72698a6acd1b60e539e0f308717740b11ea21778a2535d7a33bcedcff5
#8 resolve docker.io/serversideup/php:8.2-fpm-nginx-alpine@sha256:e81d3d72698a6acd1b60e539e0f308717740b11ea21778a2535d7a33bcedcff5 0.7s done
#8 DONE 1.0s

#6 [internal] load build context
#6 transferring context: 2.93MB 1.9s done
#6 DONE 2.1s

#9 [vendor-builder 2/5] WORKDIR /app
#9 CACHED

#10 [vendor-builder 3/5] COPY composer.json composer.lock ./
#10 CACHED

#11 [vendor-builder 4/5] RUN composer install --no-dev --no-interaction --prefer-dist --optimize-autoloader --ignore-platform-reqs --no-scripts
#11 CACHED

#12 [vendor-builder 5/5] COPY . .
#12 DONE 91.2s

#13 [stage-2 2/7] RUN install-php-extensions gd
#13 CACHED

#14 [stage-2 3/7] WORKDIR /var/www/html
#14 CACHED

#15 [stage-2 4/7] COPY --from=vendor-builder --chown=www-data:www-data /app /var/www/html
#15 ...

#16 [node-builder 2/8] RUN apk add --no-cache nodejs npm
#16 CACHED

#17 [node-builder 3/8] WORKDIR /var/www/html
#17 CACHED

#18 [node-builder 4/8] COPY --from=vendor-builder --chown=www-data:www-data /app /var/www/html
#18 ...

#15 [stage-2 4/7] COPY --from=vendor-builder --chown=www-data:www-data /app /var/www/html
#15 DONE 113.3s

#18 [node-builder 4/8] COPY --from=vendor-builder --chown=www-data:www-data /app /var/www/html
#18 DONE 113.0s

#19 [node-builder 5/8] RUN rm -rf bootstrap/cache/*.php
#19 DONE 4.9s

#20 [node-builder 6/8] RUN cp .env.example .env && php artisan key:generate
#20 1.672 [01-Apr-2026 07:02:36 UTC] PHP Warning:  The use statement with non-compound name 'Throwable' has no effect in /var/www/html/bootstrap/app.php on line 11
#20 1.873 
#20 1.873    INFO  Application key set successfully.  
#20 1.873 
#20 DONE 3.7s

#21 [node-builder 7/8] RUN npm install --legacy-peer-deps
#21 2.951 npm warn Unknown project config "public-hoist-pattern". This will stop working in the next major version of npm. See `npm help npmrc` for supported config options.
#21 11.55 npm warn deprecated sourcemap-codec@1.4.8: Please use @jridgewell/sourcemap-codec instead
#21 12.36 npm warn deprecated source-map@0.8.0-beta.0: The work that was done in this beta branch won't be included in future versions
#21 13.02 npm warn deprecated glob@11.1.0: Old versions of glob are not supported, and contain widely publicized security vulnerabilities, which have been fixed in the current version. Please update. Support for old versions may be purchased (at exorbitant rates) by contacting i@izs.me
#21 30.34 
#21 30.34 added 188 packages, removed 5 packages, and audited 695 packages in 28s
#21 30.34 
#21 30.35 173 packages are looking for funding
#21 30.35   run `npm fund` for details
#21 30.35 
#21 30.35 6 vulnerabilities (1 moderate, 5 high)
#21 30.35 
#21 30.35 To address issues that do not require attention, run:
#21 30.35   npm audit fix
#21 30.35 
#21 30.35 To address all issues (including breaking changes), run:
#21 30.35   npm audit fix --force
#21 30.35 
#21 30.35 Run `npm audit` for details.
#21 DONE 33.9s

#22 [node-builder 8/8] RUN npm run build
#22 1.425 npm warn Unknown project config "public-hoist-pattern". This will stop working in the next major version of npm. See `npm help npmrc` for supported config options.
#22 1.445 
#22 1.445 > build
#22 1.445 > vite build
#22 1.445 
#22 1.992 vite v7.3.1 building client environment for production...
#22 5.593 transforming...
#22 11.78 ✓ 2059 modules transformed.
#22 20.27 
#22 20.27 PWA v0.21.2
#22 20.27 Building resources/js/sw.js service worker ("es" format)...
#22 20.36 vite v7.3.1 building client environment for production...
#22 21.15 transforming...
#22 24.55 ✓ 53 modules transformed.
#22 24.59 rendering chunks...
#22 25.62 computing gzip size...
#22 25.62 public/sw.mjs  16.51 kB │ gzip: 5.61 kB
#22 25.62 ✓ built in 5.26s
#22 25.72 
#22 25.72 PWA v0.21.2
#22 25.72 mode      injectManifest
#22 25.72 format:   es
#22 25.72 precache  100 entries (2494.54 KiB)
#22 25.72 files generated
#22 25.72   public/sw.js
#22 25.73 ✗ Build failed in 23.69s
#22 25.73 error during build:
#22 25.73 [vite-plugin-pwa:build] [plugin vite-plugin-pwa:build] There was an error during the build:
#22 25.73   Could not load /resources/js/components/ui/table (imported by resources/js/pages/contracts/index.tsx): ENOENT: no such file or directory, open '/resources/js/components/ui/table'
#22 25.73 Additionally, handling the error in the 'buildEnd' hook caused the following error:
#22 25.73   Could not load /resources/js/components/ui/table (imported by resources/js/pages/contracts/index.tsx): ENOENT: no such file or directory, open '/resources/js/components/ui/table'
#22 25.73     at getRollupError (file:///var/www/html/node_modules/rollup/dist/es/shared/parseAst.js:402:41)
#22 25.73     at file:///var/www/html/node_modules/rollup/dist/es/shared/node-entry.js:23467:39
#22 25.73     at async catchUnfinishedHookActions (file:///var/www/html/node_modules/rollup/dist/es/shared/node-entry.js:22925:16)
#22 25.73     at async rollupInternal (file:///var/www/html/node_modules/rollup/dist/es/shared/node-entry.js:23450:5)
#22 25.73     at async buildEnvironment (file:///var/www/html/node_modules/vite/dist/node/chunks/config.js:33541:12)
#22 25.73     at async Object.build (file:///var/www/html/node_modules/vite/dist/node/chunks/config.js:33900:19)
#22 25.73     at async Object.buildApp (file:///var/www/html/node_modules/vite/dist/node/chunks/config.js:33897:153)
#22 25.73     at async CAC.<anonymous> (file:///var/www/html/node_modules/vite/dist/node/cli.js:629:3)
#22 ERROR: process "/bin/sh -c npm run build" did not complete successfully: exit code: 1
------
 > [node-builder 8/8] RUN npm run build:
25.73 Additionally, handling the error in the 'buildEnd' hook caused the following error:
25.73   Could not load /resources/js/components/ui/table (imported by resources/js/pages/contracts/index.tsx): ENOENT: no such file or directory, open '/resources/js/components/ui/table'
25.73     at getRollupError (file:///var/www/html/node_modules/rollup/dist/es/shared/parseAst.js:402:41)
25.73     at file:///var/www/html/node_modules/rollup/dist/es/shared/node-entry.js:23467:39
25.73     at async catchUnfinishedHookActions (file:///var/www/html/node_modules/rollup/dist/es/shared/node-entry.js:22925:16)
25.73     at async rollupInternal (file:///var/www/html/node_modules/rollup/dist/es/shared/node-entry.js:23450:5)
25.73     at async buildEnvironment (file:///var/www/html/node_modules/vite/dist/node/chunks/config.js:33541:12)
25.73     at async Object.build (file:///var/www/html/node_modules/vite/dist/node/chunks/config.js:33900:19)
25.73     at async Object.buildApp (file:///var/www/html/node_modules/vite/dist/node/chunks/config.js:33897:153)
25.73     at async CAC.<anonymous> (file:///var/www/html/node_modules/vite/dist/node/cli.js:629:3)
------
Dockerfile:32

--------------------

  30 |     # Build frontend assets

  31 |     RUN npm install --legacy-peer-deps

  32 | >>> RUN npm run build

  33 |     

  34 |     # Stage 3: Final Production Image

--------------------

failed to solve: process "/bin/sh -c npm run build" did not complete successfully: exit code: 1

