time="2026-04-01T08:01:05Z" level=warning msg="/opt/hris/docker-compose.yml: the attribute `version` is obsolete, it will be ignored, please remove it to avoid potential confusion"
 Image hris-app:latest Building 
#1 [internal] load local bake definitions
#1 reading from stdin 459B done
#1 DONE 0.0s

#2 [internal] load build definition from Dockerfile
#2 transferring dockerfile: 2.42kB 0.0s done
#2 DONE 0.2s

#3 [internal] load metadata for docker.io/library/composer:2
#3 DONE 0.4s

#4 [internal] load metadata for docker.io/serversideup/php:8.2-fpm-nginx-alpine
#4 DONE 2.0s

#5 [internal] load .dockerignore
#5 transferring context: 2B done
#5 DONE 0.1s

#6 [internal] load build context
#6 DONE 0.0s

#7 [vendor-builder 1/5] FROM docker.io/library/composer:2@sha256:743aebe48ca67097c36819040633ea77e44a561eca135e4fc84c002e63a1ba07
#7 resolve docker.io/library/composer:2@sha256:743aebe48ca67097c36819040633ea77e44a561eca135e4fc84c002e63a1ba07
#7 resolve docker.io/library/composer:2@sha256:743aebe48ca67097c36819040633ea77e44a561eca135e4fc84c002e63a1ba07 0.5s done
#7 DONE 0.6s

#8 [node-builder 1/8] FROM docker.io/serversideup/php:8.2-fpm-nginx-alpine@sha256:e81d3d72698a6acd1b60e539e0f308717740b11ea21778a2535d7a33bcedcff5
#8 resolve docker.io/serversideup/php:8.2-fpm-nginx-alpine@sha256:e81d3d72698a6acd1b60e539e0f308717740b11ea21778a2535d7a33bcedcff5
#8 resolve docker.io/serversideup/php:8.2-fpm-nginx-alpine@sha256:e81d3d72698a6acd1b60e539e0f308717740b11ea21778a2535d7a33bcedcff5 0.5s done
#8 DONE 0.6s

#6 [internal] load build context
#6 transferring context: 2.93MB 1.7s done
#6 DONE 2.2s

#9 [vendor-builder 2/5] WORKDIR /app
#9 CACHED

#10 [vendor-builder 3/5] COPY composer.json composer.lock ./
#10 CACHED

#11 [vendor-builder 4/5] RUN composer install --no-dev --no-interaction --prefer-dist --optimize-autoloader --ignore-platform-reqs --no-scripts
#11 CACHED

#12 [vendor-builder 5/5] COPY . .
#12 DONE 89.8s

#13 [stage-2 2/7] RUN install-php-extensions gd
#13 CACHED

#14 [stage-2 3/7] WORKDIR /var/www/html
#14 CACHED

#15 [node-builder 2/8] RUN apk add --no-cache nodejs npm
#15 CACHED

#16 [node-builder 3/8] WORKDIR /var/www/html
#16 CACHED

#17 [node-builder 4/8] COPY --from=vendor-builder --chown=www-data:www-data /app /var/www/html
#17 ...

#18 [stage-2 4/7] COPY --from=vendor-builder --chown=www-data:www-data /app /var/www/html
#18 ...

#17 [node-builder 4/8] COPY --from=vendor-builder --chown=www-data:www-data /app /var/www/html
#17 DONE 162.1s

#18 [stage-2 4/7] COPY --from=vendor-builder --chown=www-data:www-data /app /var/www/html
#18 DONE 162.2s

#19 [node-builder 5/8] RUN rm -rf bootstrap/cache/*.php
#19 DONE 4.6s

#20 [node-builder 6/8] RUN cp .env.example .env && php artisan key:generate
#20 1.191 [01-Apr-2026 08:05:36 UTC] PHP Warning:  The use statement with non-compound name 'Throwable' has no effect in /var/www/html/bootstrap/app.php on line 11
#20 1.417 
#20 1.417    INFO  Application key set successfully.  
#20 1.417 
#20 DONE 2.9s

#21 [node-builder 7/8] RUN npm install --legacy-peer-deps
#21 2.799 npm warn Unknown project config "public-hoist-pattern". This will stop working in the next major version of npm. See `npm help npmrc` for supported config options.
#21 10.30 npm warn deprecated sourcemap-codec@1.4.8: Please use @jridgewell/sourcemap-codec instead
#21 11.07 npm warn deprecated source-map@0.8.0-beta.0: The work that was done in this beta branch won't be included in future versions
#21 11.74 npm warn deprecated glob@11.1.0: Old versions of glob are not supported, and contain widely publicized security vulnerabilities, which have been fixed in the current version. Please update. Support for old versions may be purchased (at exorbitant rates) by contacting i@izs.me
#21 44.72 
#21 44.72 added 188 packages, removed 5 packages, and audited 695 packages in 43s
#21 44.72 
#21 44.72 173 packages are looking for funding
#21 44.72   run `npm fund` for details
#21 44.73 
#21 44.73 6 vulnerabilities (1 moderate, 5 high)
#21 44.73 
#21 44.73 To address issues that do not require attention, run:
#21 44.73   npm audit fix
#21 44.73 
#21 44.73 To address all issues (including breaking changes), run:
#21 44.73   npm audit fix --force
#21 44.73 
#21 44.73 Run `npm audit` for details.
#21 DONE 49.1s

#22 [node-builder 8/8] RUN npm run build
#22 1.722 npm warn Unknown project config "public-hoist-pattern". This will stop working in the next major version of npm. See `npm help npmrc` for supported config options.
#22 1.759 
#22 1.759 > build
#22 1.759 > vite build
#22 1.759 
#22 2.992 vite v7.3.1 building client environment for production...
#22 6.787 transforming...
#22 23.12 ✓ 3630 modules transformed.
#22 24.38 rendering chunks...
#22 25.38 computing gzip size...
#22 26.09 public/build/manifest.webmanifest                            0.41 kB
#22 26.09 public/build/manifest.json                                  45.37 kB │ gzip:   4.05 kB
#22 26.09 public/build/assets/app-ZwtWXbVI.css                       152.86 kB │ gzip:  22.73 kB
#22 26.11 public/build/assets/check-DFU9lEqj.js                        0.13 kB │ gzip:   0.15 kB
#22 26.11 public/build/assets/chevron-down-CTJar13-.js                 0.14 kB │ gzip:   0.15 kB
#22 26.11 public/build/assets/chevron-left-DNoUeOwL.js                 0.14 kB │ gzip:   0.15 kB
#22 26.11 public/build/assets/loader-circle-ByEXSkfy.js                0.16 kB │ gzip:   0.16 kB
#22 26.11 public/build/assets/message-circle-DEbkk1vw.js               0.16 kB │ gzip:   0.17 kB
#22 26.11 public/build/assets/plus-CIF5qYJh.js                         0.17 kB │ gzip:   0.16 kB
#22 26.11 public/build/assets/arrow-left-DbS511Bg.js                   0.18 kB │ gzip:   0.17 kB
#22 26.11 public/build/assets/search-DExR7xZA.js                       0.18 kB │ gzip:   0.18 kB
#22 26.11 public/build/assets/circle-check-DtUO-0yy.js                 0.18 kB │ gzip:   0.18 kB
#22 26.11 public/build/assets/clock-DCwhsF4r.js                        0.19 kB │ gzip:   0.18 kB
#22 26.11 public/build/assets/circle-check-big-CA-KPpx3.js             0.20 kB │ gzip:   0.19 kB
#22 26.11 public/build/assets/user-_L7Ir5fh.js                         0.20 kB │ gzip:   0.19 kB
#22 26.11 public/build/assets/input-error-CVFAz9BE.js                  0.20 kB │ gzip:   0.18 kB
#22 26.11 public/build/assets/info-BlPmu_Fl.js                         0.21 kB │ gzip:   0.18 kB
#22 26.11 public/build/assets/circle-x-ChxR1qZ9.js                     0.21 kB │ gzip:   0.19 kB
#22 26.11 public/build/assets/index-WbbUgoZU.js                        0.23 kB │ gzip:   0.17 kB
#22 26.11 public/build/assets/spinner-DbHAL6LF.js                      0.24 kB │ gzip:   0.20 kB
#22 26.11 public/build/assets/pen-DDuH9gKr.js                          0.25 kB │ gzip:   0.21 kB
#22 26.11 public/build/assets/circle-alert-BX789Jzj.js                 0.26 kB │ gzip:   0.20 kB
#22 26.11 public/build/assets/external-link-COmqZxsY.js                0.26 kB │ gzip:   0.21 kB
#22 26.11 public/build/assets/eye-DKzwq7dc.js                          0.26 kB │ gzip:   0.21 kB
#22 26.11 public/build/assets/user-check-DeGy326V.js                   0.27 kB │ gzip:   0.23 kB
#22 26.11 public/build/assets/upload-B0-V_H7M.js                       0.27 kB │ gzip:   0.23 kB
#22 26.11 public/build/assets/calendar-CH848hQ8.js                     0.27 kB │ gzip:   0.21 kB
#22 26.11 public/build/assets/download-g6KCRs5Q.js                     0.27 kB │ gzip:   0.23 kB
#22 26.11 public/build/assets/paperclip-D_SDg_hz.js                    0.31 kB │ gzip:   0.24 kB
#22 26.11 public/build/assets/text-link-CvL46r31.js                    0.33 kB │ gzip:   0.24 kB
#22 26.11 public/build/assets/printer-MCQOFeMK.js                      0.33 kB │ gzip:   0.25 kB
#22 26.11 public/build/assets/square-pen-h_Cdm7zL.js                   0.33 kB │ gzip:   0.25 kB
#22 26.11 public/build/assets/shield-check-DaComgc6.js                 0.33 kB │ gzip:   0.26 kB
#22 26.11 public/build/assets/save-CRkO0g_Y.js                         0.34 kB │ gzip:   0.24 kB
#22 26.11 public/build/assets/trash-2-Cx1PQ3b3.js                      0.37 kB │ gzip:   0.26 kB
#22 26.11 public/build/assets/index-CGd3INs6.js                        0.37 kB │ gzip:   0.22 kB
#22 26.11 public/build/assets/file-spreadsheet--auGsr7B.js             0.39 kB │ gzip:   0.24 kB
#22 26.11 public/build/assets/index-Ci35QYlz.js                        0.47 kB │ gzip:   0.34 kB
#22 26.11 public/build/assets/label-Dukl8O9F.js                        0.62 kB │ gzip:   0.40 kB
#22 26.11 public/build/assets/pagination-chrrbhpt.js                   0.64 kB │ gzip:   0.42 kB
#22 26.11 public/build/assets/card-BNog0esD.js                         0.76 kB │ gzip:   0.30 kB
#22 26.11 public/build/assets/input-ymJ1U8LU.js                        0.79 kB │ gzip:   0.44 kB
#22 26.11 public/build/assets/createLucideIcon-Ba8OW9EE.js             0.89 kB │ gzip:   0.55 kB
#22 26.11 public/build/assets/auth-layout-DPzz4GHa.js                  1.13 kB │ gzip:   0.48 kB
#22 26.11 public/build/assets/verify-email-Dj4wdunG.js                 1.14 kB │ gzip:   0.64 kB
#22 26.11 public/build/assets/password-input-D3ry6WyF.js               1.14 kB │ gzip:   0.66 kB
#22 26.11 public/build/assets/confirm-password-_Fpu1-ZC.js             1.36 kB │ gzip:   0.69 kB
#22 26.11 public/build/assets/index-B1VPp4we.js                        1.50 kB │ gzip:   0.52 kB
#22 26.11 public/build/assets/forgot-password-BBrk0SBR.js              1.66 kB │ gzip:   0.80 kB
#22 26.11 public/build/assets/reset-password-B1A6zgpz.js               2.00 kB │ gzip:   0.81 kB
#22 26.12 public/build/assets/two-factor-challenge-DZtKFyVW.js         2.20 kB │ gzip:   1.05 kB
#22 26.12 public/build/assets/appearance-CoG8aVRQ.js                   2.20 kB │ gzip:   1.05 kB
#22 26.12 public/build/assets/dialog-D_fs7C33.js                       2.31 kB │ gzip:   0.85 kB
#22 26.12 public/build/assets/form-C0_6Ffcd.js                         2.44 kB │ gzip:   1.05 kB
#22 26.13 public/build/assets/form-BKjbMJjR.js                         2.56 kB │ gzip:   0.96 kB
#22 26.13 public/build/assets/index-Ct2roSCM.js                        2.76 kB │ gzip:   0.71 kB
#22 26.13 public/build/assets/layout-OiE2O3m4.js                       3.16 kB │ gzip:   1.28 kB
#22 26.13 public/build/assets/index-LwZffpNl.js                        3.30 kB │ gzip:   0.98 kB
#22 26.13 public/build/assets/create-C9MdrYsB.js                       3.60 kB │ gzip:   1.20 kB
#22 26.13 public/build/assets/index-D4QI6HMk.js                        3.64 kB │ gzip:   1.26 kB
#22 26.13 public/build/assets/signature-pad-Cgl4E459.js                3.80 kB │ gzip:   1.61 kB
#22 26.13 public/build/assets/me-C0w2Y_Yb.js                           4.19 kB │ gzip:   1.50 kB
#22 26.13 public/build/assets/form-GplbH8Zw.js                         4.27 kB │ gzip:   1.29 kB
#22 26.13 public/build/assets/app-logo-icon-DeF-KJJb.js                4.64 kB │ gzip:   2.13 kB
#22 26.13 public/build/assets/index-DDJm93OQ.js                        4.80 kB │ gzip:   1.48 kB
#22 26.13 public/build/assets/me-CMC_KApM.js                           5.19 kB │ gzip:   1.86 kB
#22 26.13 public/build/assets/index-Df_EWwf6.js                        5.27 kB │ gzip:   1.86 kB
#22 26.13 public/build/assets/index-DipVJhq3.js                        5.29 kB │ gzip:   1.69 kB
#22 26.13 public/build/assets/index-DW-9AGNU.js                        5.34 kB │ gzip:   1.70 kB
#22 26.13 public/build/assets/index-D7_1exUn.js                        5.48 kB │ gzip:   1.70 kB
#22 26.13 public/build/assets/index-Av2LSkEc.js                        5.70 kB │ gzip:   1.70 kB
#22 26.13 public/build/assets/workbox-window.prod.es5-BIl4cyR9.js      5.76 kB │ gzip:   2.37 kB
#22 26.13 public/build/assets/index-nvaosTB6.js                        5.98 kB │ gzip:   1.83 kB
#22 26.13 public/build/assets/form-CmcPGM9n.js                         6.16 kB │ gzip:   1.83 kB
#22 26.13 public/build/assets/form-CZJK9neM.js                         6.53 kB │ gzip:   2.07 kB
#22 26.13 public/build/assets/create-_nql2dII.js                       6.87 kB │ gzip:   2.05 kB
#22 26.13 public/build/assets/index-DqexKeBS.js                        7.19 kB │ gzip:   2.46 kB
#22 26.13 public/build/assets/index-Cc0MUrCx.js                        7.21 kB │ gzip:   2.52 kB
#22 26.13 public/build/assets/show-DPqwedWG.js                         7.64 kB │ gzip:   2.35 kB
#22 26.13 public/build/assets/index-DFulRQOX.js                        7.81 kB │ gzip:   2.22 kB
#22 26.13 public/build/assets/index-BZsvPVUS.js                        7.85 kB │ gzip:   2.35 kB
#22 26.13 public/build/assets/index-CrEdYBoT.js                        7.89 kB │ gzip:   2.47 kB
#22 26.13 public/build/assets/show-DSrm1Ag7.js                         7.93 kB │ gzip:   2.09 kB
#22 26.13 public/build/assets/show-Bf_QTLFa.js                         8.02 kB │ gzip:   2.26 kB
#22 26.13 public/build/assets/create-BGMv9r02.js                       8.07 kB │ gzip:   2.37 kB
#22 26.13 public/build/assets/corrections_index-DxIyNKYA.js            8.35 kB │ gzip:   2.47 kB
#22 26.13 public/build/assets/face-attendance-jUTdiVPS.js              8.43 kB │ gzip:   3.11 kB
#22 26.13 public/build/assets/show-Bvc4hv2I.js                         8.73 kB │ gzip:   2.42 kB
#22 26.13 public/build/assets/show-rNzMKGVk.js                         8.93 kB │ gzip:   2.11 kB
#22 26.13 public/build/assets/form-7uV5_rPH.js                         9.20 kB │ gzip:   2.11 kB
#22 26.13 public/build/assets/index-BEpGMpKr.js                        9.68 kB │ gzip:   2.56 kB
#22 26.13 public/build/assets/login-DySUDSjk.js                        9.90 kB │ gzip:   4.06 kB
#22 26.13 public/build/assets/form-Yme7K7jK.js                        13.61 kB │ gzip:   3.56 kB
#22 26.13 public/build/assets/profile-CMrOmOI3.js                     13.96 kB │ gzip:   5.21 kB
#22 26.13 public/build/assets/transition-cDAY_5rA.js                  14.34 kB │ gzip:   5.74 kB
#22 26.13 public/build/assets/security-C7HlxpWV.js                    14.98 kB │ gzip:   5.04 kB
#22 26.13 public/build/assets/me-PLN7gDXd.js                          15.25 kB │ gzip:   3.49 kB
#22 26.13 public/build/assets/index-BlvFN112.js                       15.25 kB │ gzip:   3.75 kB
#22 26.13 public/build/assets/use-two-factor-auth-Cv4vIkpr.js         15.38 kB │ gzip:   5.42 kB
#22 26.13 public/build/assets/form-C65x_zj6.js                        16.24 kB │ gzip:   3.77 kB
#22 26.14 public/build/assets/show-CijtEKN4.js                        16.27 kB │ gzip:   3.94 kB
#22 26.14 public/build/assets/edit-BtTcgXSt.js                        17.54 kB │ gzip:   5.29 kB
#22 26.14 public/build/assets/dashboard-DGNX9GlS.js                   19.41 kB │ gzip:   5.65 kB
#22 26.14 public/build/assets/form-eIUjdyL9.js                        20.30 kB │ gzip:   4.84 kB
#22 26.14 public/build/assets/show-rAeeRqU2.js                        23.65 kB │ gzip:   5.38 kB
#22 26.14 public/build/assets/id-BZEFkztJ.js                          25.17 kB │ gzip:   6.71 kB
#22 26.14 public/build/assets/index-DwybISjE.js                       29.97 kB │ gzip:   5.98 kB
#22 26.14 public/build/assets/create-Dg9iTYTM.js                      31.37 kB │ gzip:  10.30 kB
#22 26.14 public/build/assets/welcome-xQzwSs84.js                     47.92 kB │ gzip:   8.72 kB
#22 26.14 public/build/assets/app-layout-BQcxr9mx.js                  97.82 kB │ gzip:  26.99 kB
#22 26.14 public/build/assets/app-DalrFOUg.js                        481.35 kB │ gzip: 155.15 kB
#22 26.14 public/build/assets/face-api.esm-hkD_SH8p.js             1,319.81 kB │ gzip: 337.39 kB
#22 26.14 
#22 26.14 (!) Some chunks are larger than 500 kB after minification. Consider:
#22 26.14 - Using dynamic import() to code-split the application
#22 26.14 - Use build.rollupOptions.output.manualChunks to improve chunking: https://rollupjs.org/configuration-options/#output-manualchunks
#22 26.14 - Adjust chunk size limit for this warning via build.chunkSizeWarningLimit.
#22 26.35 ✓ built in 23.31s
#22 31.20 
#22 31.20 PWA v0.21.2
#22 31.20 Building resources/js/sw.js service worker ("es" format)...
#22 31.28 vite v7.3.1 building client environment for production...
#22 31.29 transforming...
#22 31.61 ✓ 53 modules transformed.
#22 31.65 rendering chunks...
#22 31.65 computing gzip size...
#22 31.65 public/sw.mjs  16.51 kB │ gzip: 5.61 kB
#22 31.65 ✓ built in 367ms
#22 31.76 
#22 31.76 PWA v0.21.2
#22 31.76 mode      injectManifest
#22 31.76 format:   es
#22 31.76 precache  111 entries (2608.48 KiB)
#22 31.76 files generated
#22 31.76   public/sw.js
#22 DONE 34.9s

#23 [stage-2 5/7] COPY --from=node-builder --chown=www-data:www-data /var/www/html/public/build /var/www/html/public/build
#23 DONE 4.4s

#24 [stage-2 6/7] COPY --from=node-builder --chown=www-data:www-data /var/www/html/resources /var/www/html/resources
#24 DONE 4.6s

#25 [stage-2 7/7] RUN chmod -R 775 /var/www/html/storage /var/www/html/bootstrap/cache
#25 DONE 8.3s

#26 exporting to image
#26 exporting layers
#26 exporting layers 26.7s done
#26 exporting manifest sha256:6e38f7f1d622fa121c882f8640b23e987104bd178a01bc7a3c0bf0cd94d40133
#26 exporting manifest sha256:6e38f7f1d622fa121c882f8640b23e987104bd178a01bc7a3c0bf0cd94d40133 0.3s done
#26 exporting config sha256:5caac09f30769cc4baad62b24df891d45139dd042a8dfcd0c88eb1a6ec7464a9
#26 exporting config sha256:5caac09f30769cc4baad62b24df891d45139dd042a8dfcd0c88eb1a6ec7464a9 0.2s done
#26 exporting attestation manifest sha256:69e87af84723bb9f4b85c8f483b7b14d4435ac4783e7a9a33a214f87da73537a
#26 exporting attestation manifest sha256:69e87af84723bb9f4b85c8f483b7b14d4435ac4783e7a9a33a214f87da73537a 0.4s done
#26 exporting manifest list sha256:e2cc5ff9c4259398b3fb5f63790a9e4cad5cd44d88101c99b414e98e3b2e5a96
#26 exporting manifest list sha256:e2cc5ff9c4259398b3fb5f63790a9e4cad5cd44d88101c99b414e98e3b2e5a96 0.3s done
#26 naming to docker.io/library/hris-app:latest
#26 naming to docker.io/library/hris-app:latest 0.1s done
#26 unpacking to docker.io/library/hris-app:latest
#26 unpacking to docker.io/library/hris-app:latest 80.1s done
#26 DONE 108.3s

#27 resolving provenance for metadata file
#27 DONE 0.0s
 Image hris-app:latest Built 
 Container hris-db Running 
 Container hris-app Recreate 
 Container hris-app Recreated 
 Container hris-app Starting 
 Container hris-app Started 
